2026-06-02 17:39:24 notepad_focus_restore_after_overlay hwnd=592562 restored=True
2026-06-02 17:39:24 notepad_focus_restore_after_overlay hwnd=592562 restored=True
2026-06-02 17:39:24 notepad_focus_restore_after_overlay hwnd=592562 restored=True
2026-06-02 17:39:29 notepad_focus_restore_after_overlay hwnd=592562 restored=True
2026-06-02 17:39:29 notepad_focus_restore_after_overlay hwnd=592562 restored=True
2026-06-02 17:39:30 notepad_focus_restore_after_overlay hwnd=592562 restored=True
2026-06-02 17:39:34 notepad_focus_restore_after_overlay hwnd=592562 restored=True
2026-06-02 17:39:34 notepad_focus_restore_after_overlay hwnd=592562 restored=True
2026-06-02 17:39:35 notepad_focus_restore_after_overlay hwnd=592562 restored=True
2026-06-02 17:39:46 notepad_focus_restore_after_overlay hwnd=592562 restored=True
2026-06-02 17:39:47 notepad_focus_restore_after_overlay hwnd=592562 restored=True
2026-06-02 17:39:47 notepad_focus_restore_after_overlay hwnd=592562 restored=True
2026-06-02 17:41:54 notepad_focus_restore_after_overlay hwnd=592562 restored=True
2026-06-02 17:41:55 notepad_focus_restore_after_overlay hwnd=592562 restored=True
2026-06-02 17:41:55 notepad_focus_restore_after_overlay hwnd=592562 restored=True
2026-06-02 17:41:55 notepad_focus_restore_after_overlay hwnd=592562 restored=True
2026-06-02 17:41:56 notepad_focus_restore_after_overlay hwnd=592562 restored=True
2026-06-02 17:41:56 notepad_focus_restore_after_overlay hwnd=592562 restored=True
2026-06-02 17:41:59 notepad_focus_restore_after_overlay hwnd=592562 restored=True
2026-06-02 17:41:59 notepad_focus_restore_after_overlay hwnd=592562 restored=True
2026-06-02 17:41:59 notepad_focus_restore_after_overlay hwnd=592562 restored=True
2026-06-02 17:42:13 notepad_focus_restore_after_overlay hwnd=592562 restored=True
2026-06-02 17:42:13 notepad_focus_restore_after_overlay hwnd=592562 restored=True
2026-06-02 17:42:13 notepad_focus_restore_after_overlay hwnd=592562 restored=True
2026-06-02 17:42:20 notepad_focus_restore_after_overlay hwnd=592562 restored=True
2026-06-02 17:42:20 notepad_focus_restore_after_overlay hwnd=592562 restored=True
2026-06-02 17:42:20 notepad_focus_restore_after_overlay hwnd=592562 restored=True
2026-06-02 20:32:52 notepad_focus_restore_after_overlay hwnd=133236 restored=True
2026-06-02 20:32:52 notepad_focus_restore_after_overlay hwnd=133236 restored=True
2026-06-02 20:32:52 notepad_focus_restore_after_overlay hwnd=133236 restored=True
2026-06-02 20:32:54 notepad_focus_restore_after_overlay hwnd=133236 restored=True
2026-06-02 20:32:54 notepad_focus_restore_after_overlay hwnd=133236 restored=True
2026-06-02 20:32:55 notepad_focus_restore_after_overlay hwnd=133236 restored=True
2026-06-02 20:41:55 notepad_focus_restore_after_overlay hwnd=133236 restored=True
2026-06-02 20:41:55 notepad_focus_restore_after_overlay hwnd=133236 restored=True
2026-06-02 20:41:55 notepad_focus_restore_after_overlay hwnd=133236 restored=True
2026-06-02 20:42:41 notepad_focus_restore_after_overlay hwnd=133236 restored=True
2026-06-02 20:42:42 notepad_focus_restore_after_overlay hwnd=133236 restored=True
2026-06-02 20:42:42 notepad_focus_restore_after_overlay hwnd=133236 restored=True
2026-06-02 20:42:53 notepad_focus_restore_after_overlay hwnd=133236 restored=True
2026-06-02 20:42:53 notepad_focus_restore_after_overlay hwnd=133236 restored=True
2026-06-02 20:42:53 notepad_focus_restore_after_overlay hwnd=133236 restored=True
2026-06-02 20:43:23 notepad_focus_restore_after_overlay hwnd=133236 restored=True
2026-06-02 20:43:23 notepad_focus_restore_after_overlay hwnd=133236 restored=True
2026-06-02 20:43:24 notepad_focus_restore_after_overlay hwnd=133236 restored=True
2026-06-02 20:47:57 notepad_focus_restore_after_overlay hwnd=133236 restored=True
2026-06-02 20:47:57 notepad_focus_restore_after_overlay hwnd=133236 restored=True
2026-06-02 20:47:57 notepad_focus_restore_after_overlay hwnd=133236 restored=True
2026-06-02 20:59:00 notepad_focus_restore_after_overlay hwnd=133236 restored=True
2026-06-02 20:59:00 notepad_focus_restore_after_overlay hwnd=133236 restored=True
2026-06-02 20:59:01 notepad_focus_restore_after_overlay hwnd=133236 restored=True
2026-06-02 20:59:14 notepad_focus_restore_after_overlay hwnd=133236 restored=True
2026-06-02 20:59:14 notepad_focus_restore_after_overlay hwnd=133236 restored=True
2026-06-02 20:59:14 notepad_focus_restore_after_overlay hwnd=133236 restored=True
2026-06-02 20:59:18 notepad_focus_restore_after_overlay hwnd=133236 restored=True
2026-06-02 20:59:18 notepad_focus_restore_after_overlay hwnd=133236 restored=True
2026-06-02 20:59:18 notepad_focus_restore_after_overlay hwnd=133236 restored=True
2026-06-02 20:59:29 notepad_focus_restore_after_overlay hwnd=133236 restored=True
2026-06-02 20:59:30 notepad_focus_restore_after_overlay hwnd=133236 restored=True
2026-06-02 20:59:30 notepad_focus_restore_after_overlay hwnd=133236 restored=True
2026-06-02 20:59:30 notepad_focus_restore_after_overlay hwnd=133236 restored=True
2026-06-02 20:59:30 notepad_focus_restore_after_overlay hwnd=133236 restored=True
2026-06-02 20:59:31 notepad_focus_restore_after_overlay hwnd=133236 restored=True
2026-06-02 20:59:32 notepad_focus_restore_after_overlay hwnd=133236 restored=True
2026-06-02 20:59:32 notepad_focus_restore_after_overlay hwnd=133236 restored=True
2026-06-02 20:59:32 notepad_focus_restore_after_overlay hwnd=133236 restored=True
2026-06-02 20:59:33 notepad_focus_restore_after_overlay hwnd=133236 restored=True
2026-06-02 20:59:33 notepad_focus_restore_after_overlay hwnd=133236 restored=True
2026-06-02 20:59:33 notepad_focus_restore_after_overlay hwnd=133236 restored=True
2026-06-05 09:36:32 notepad_focus_restore_after_overlay hwnd=1967448 restored=True
2026-06-05 09:36:32 notepad_focus_restore_after_overlay hwnd=1967448 restored=True
2026-06-05 09:36:33 notepad_focus_restore_after_overlay hwnd=1967448 restored=True
2026-06-05 09:38:02 notepad_focus_restore_after_overlay hwnd=1967448 restored=True
2026-06-05 09:38:02 notepad_focus_restore_after_overlay hwnd=1967448 restored=True
2026-06-05 09:38:03 notepad_focus_restore_after_overlay hwnd=1967448 restored=True
2026-06-05 09:49:35 notepad_focus_restore_after_overlay hwnd=1967448 restored=True
2026-06-05 09:49:35 notepad_focus_restore_after_overlay hwnd=1967448 restored=True
2026-06-05 09:49:35 notepad_focus_restore_after_overlay hwnd=1967448 restored=True
2026-06-05 09:49:50 notepad_focus_restore_after_overlay hwnd=1967448 restored=True
2026-06-05 09:49:50 notepad_focus_restore_after_overlay hwnd=1967448 restored=True
2026-06-05 09:49:51 notepad_focus_restore_after_overlay hwnd=1967448 restored=True
2026-06-05 09:50:43 notepad_focus_restore_after_overlay hwnd=1967448 restored=True
2026-06-05 09:50:43 notepad_focus_restore_after_overlay hwnd=1967448 restored=True
2026-06-05 09:50:43 notepad_focus_restore_after_overlay hwnd=1967448 restored=True
2026-06-05 10:13:17 notepad_focus_restore_after_overlay hwnd=1967448 restored=True
2026-06-05 10:13:17 notepad_focus_restore_after_overlay hwnd=1967448 restored=True
2026-06-05 10:13:17 notepad_focus_restore_after_overlay hwnd=1967448 restored=True
2026-06-05 10:17:14 notepad_focus_restore_after_overlay hwnd=1967448 restored=True
2026-06-05 10:17:14 notepad_focus_restore_after_overlay hwnd=1967448 restored=True
2026-06-05 10:17:15 notepad_focus_restore_after_overlay hwnd=1967448 restored=True
2026-06-05 15:40:37 notepad_focus_restore_after_overlay hwnd=263666 restored=True
2026-06-05 15:40:37 notepad_focus_restore_after_overlay hwnd=263666 restored=True
2026-06-05 15:40:38 notepad_focus_restore_after_overlay hwnd=263666 restored=True
2026-06-05 15:40:40 notepad_focus_restore_after_overlay hwnd=263666 restored=True
2026-06-05 15:40:40 notepad_focus_restore_after_overlay hwnd=263666 restored=True
2026-06-05 15:40:40 notepad_focus_restore_after_overlay hwnd=263666 restored=True
2026-06-09 19:03:18 notepad_focus_restore_after_overlay hwnd=1181830 restored=True
2026-06-09 19:03:19 notepad_focus_restore_after_overlay hwnd=1181830 restored=True
2026-06-09 19:03:19 notepad_focus_restore_after_overlay hwnd=1181830 restored=True
2026-06-09 19:03:19 notepad_focus_restore_after_overlay hwnd=1181830 restored=True
2026-06-09 19:03:19 notepad_focus_restore_after_overlay hwnd=1181830 restored=True
2026-06-09 19:03:19 notepad_focus_restore_after_overlay hwnd=1181830 restored=True
2026-06-09 19:03:20 notepad_focus_restore_after_overlay hwnd=1181830 restored=True
2026-06-09 19:03:20 notepad_focus_restore_after_overlay hwnd=1181830 restored=True
2026-06-09 19:03:21 notepad_focus_restore_after_overlay hwnd=1181830 restored=True
2026-06-09 19:03:21 notepad_focus_restore_after_overlay hwnd=1181830 restored=True
2026-06-09 19:03:22 notepad_focus_restore_after_overlay hwnd=1181830 restored=True
2026-06-09 19:03:22 notepad_focus_restore_after_overlay hwnd=1181830 restored=True
2026-06-09 19:03:52 notepad_focus_restore_after_overlay hwnd=1181830 restored=True
2026-06-09 19:03:52 notepad_focus_restore_after_overlay hwnd=1181830 restored=True
2026-06-09 19:03:53 notepad_focus_restore_after_overlay hwnd=1181830 restored=True
2026-06-09 19:03:53 notepad_focus_restore_after_overlay hwnd=1181830 restored=True
2026-06-09 19:03:53 notepad_focus_restore_after_overlay hwnd=1181830 restored=True
2026-06-09 19:03:53 notepad_focus_restore_after_overlay hwnd=1181830 restored=True
2026-06-09 19:03:54 notepad_focus_restore_after_overlay hwnd=1181830 restored=True
2026-06-09 19:03:54 notepad_focus_restore_after_overlay hwnd=1181830 restored=True
2026-06-09 19:03:55 notepad_focus_restore_after_overlay hwnd=1181830 restored=True
2026-06-09 19:04:13 notepad_focus_restore_after_overlay hwnd=1181830 restored=True
2026-06-09 19:04:13 notepad_focus_restore_after_overlay hwnd=1181830 restored=True
2026-06-09 19:04:14 notepad_focus_restore_after_overlay hwnd=1181830 restored=True
2026-06-09 19:04:27 notepad_focus_restore_after_overlay hwnd=1181830 restored=True
2026-06-09 19:04:27 notepad_focus_restore_after_overlay hwnd=1181830 restored=True
2026-06-09 19:04:28 notepad_focus_restore_after_overlay hwnd=1181830 restored=True
2026-06-09 19:04:28 notepad_focus_restore_after_overlay hwnd=1181830 restored=True
2026-06-09 19:04:28 notepad_focus_restore_after_overlay hwnd=1181830 restored=True
2026-06-09 19:04:28 notepad_focus_restore_after_overlay hwnd=1181830 restored=True
2026-06-09 19:05:06 notepad_focus_restore_after_overlay hwnd=1181830 restored=True
2026-06-09 19:05:06 notepad_focus_restore_after_overlay hwnd=1181830 restored=True
2026-06-09 19:05:06 notepad_focus_restore_after_overlay hwnd=1181830 restored=True
2026-06-09 19:05:23 tone_favorite_prompt_skipped tone='사랑스러운 말투' logged_in=False already_favorite=False
2026-06-09 19:06:17 notepad_focus_restore_after_overlay hwnd=1181830 restored=True
2026-06-09 19:06:17 notepad_focus_restore_after_overlay hwnd=1181830 restored=True
2026-06-09 19:06:18 notepad_focus_restore_after_overlay hwnd=1181830 restored=True
2026-06-09 19:06:21 notepad_focus_restore_after_overlay hwnd=1181830 restored=True
2026-06-09 19:06:21 notepad_focus_restore_after_overlay hwnd=1181830 restored=True
2026-06-09 19:06:21 notepad_focus_restore_after_overlay hwnd=1181830 restored=True
2026-06-09 19:07:11 notepad_focus_restore_after_overlay hwnd=1181830 restored=True
2026-06-09 19:07:11 notepad_focus_restore_after_overlay hwnd=1181830 restored=True
2026-06-09 19:07:11 notepad_focus_restore_after_overlay hwnd=1181830 restored=True
2026-06-09 19:08:42 tone_favorite_prompt_skipped tone='정중한 말투' logged_in=False already_favorite=False
2026-06-09 19:31:50 tone_favorite_refresh_success count=0
2026-06-09 19:32:50 notepad_focus_restore_after_overlay hwnd=1181830 restored=True
2026-06-09 19:32:50 notepad_focus_restore_after_overlay hwnd=1181830 restored=True
2026-06-09 19:32:50 notepad_focus_restore_after_overlay hwnd=1181830 restored=True
2026-06-09 19:33:10 notepad_focus_restore_after_overlay hwnd=1181830 restored=True
2026-06-09 19:33:10 notepad_focus_restore_after_overlay hwnd=1181830 restored=True
2026-06-09 19:33:10 notepad_focus_restore_after_overlay hwnd=1181830 restored=True
2026-06-09 19:33:13 notepad_focus_restore_after_overlay hwnd=1181830 restored=True
2026-06-09 19:33:14 notepad_focus_restore_after_overlay hwnd=1181830 restored=True
2026-06-09 19:33:14 notepad_focus_restore_after_overlay hwnd=1181830 restored=True
2026-06-09 19:33:19 notepad_focus_restore_after_overlay hwnd=1181830 restored=True
2026-06-09 19:33:19 notepad_focus_restore_after_overlay hwnd=1181830 restored=True
2026-06-09 19:33:19 notepad_focus_restore_after_overlay hwnd=1181830 restored=True
2026-06-09 19:40:06 tone_favorite_refresh_success count=0
2026-06-09 19:40:36 tone_favorite_prompt_skipped tone='귀여운 말투' logged_in=True already_favorite=False
2026-06-09 19:54:29 tone_favorite_refresh_success count=0
2026-06-09 20:05:23 tone_favorite_refresh_success count=0
2026-06-09 20:06:12 tone_favorite_prompt_skipped tone='귀여운 말투' logged_in=True already_favorite=False
2026-06-09 20:07:02 tone_favorite_prompt_skipped tone='귀여운 말투' logged_in=True already_favorite=False
2026-06-09 20:18:20 tone_favorite_refresh_success count=0
2026-06-09 20:19:13 tone_favorite_prompt_skipped tone='귀여운 말투' logged_in=True already_favorite=False
2026-06-09 21:14:08 tone_favorite_refresh_success count=0
2026-06-09 21:15:09 tone_favorite_prompt_skipped tone='귀여운 말투' logged_in=True already_favorite=False
2026-06-09 21:15:56 tone_favorite_prompt_skipped tone='신난 말투' logged_in=True already_favorite=False
2026-06-11 15:58:57 tone_favorite_refresh_success count=0
2026-06-11 16:21:30 tone_favorite_refresh_success count=0
2026-06-11 16:25:23 notepad_focus_restore_after_overlay hwnd=1968160 restored=True
2026-06-11 16:25:23 notepad_focus_restore_after_overlay hwnd=1968160 restored=True
2026-06-11 16:25:23 notepad_focus_restore_after_overlay hwnd=1968160 restored=True
